.next/dev/types/validator.ts(126,31): error TS2344: Type 'typeof import("C:/Users/Gaurav/Desktop/Co2de/app/api/badge/[id]/route")' does not satisfy the constraint 'RouteHandlerConfig<"/api/badge/[id]">'.
  Types of property 'GET' are incompatible.
    Type '(request: Request, { params }: { params: { id: string; }; }) => Promise<NextResponse<unknown>>' is not assignable to type '(request: NextRequest, context: { params: Promise<{ id: string; }>; }) => void | Response | Promise<void | Response>'.
      Types of parameters '__1' and 'context' are incompatible.
        Type '{ params: Promise<{ id: string; }>; }' is not assignable to type '{ params: { id: string; }; }'.
          Types of property 'params' are incompatible.
            Property 'id' is missing in type 'Promise<{ id: string; }>' but required in type '{ id: string; }'.
app/analyze/page.tsx(364,25): error TS2304: Cannot find name 'ArrowRight'.
extension/src/extension.ts(1,25): error TS2307: Cannot find module 'vscode' or its corresponding type declarations.
extension/src/extension.ts(36,43): error TS7006: Parameter 'e' implicitly has an 'any' type.
